<html>
<body>
<pre>
<h1>礦ision Build Log</h1>
<h2>Tool Versions:</h2>
IDE-Version: μVision V5.21.1.0
Copyright (C) 2016 ARM Ltd and ARM Germany GmbH. All rights reserved.
License Information: mark carmarfee, whu, LIC=----
 
Tool Versions:
Toolchain:       MDK-Lite  Version: 5.21a
Toolchain Path:  D:\MKD5.21\ARM\ARMCC\Bin
C Compiler:      Armcc.exe V5.06 update 3 (build 300)
Assembler:       Armasm.exe V5.06 update 3 (build 300)
Linker/Locator:  ArmLink.exe V5.06 update 3 (build 300)
Library Manager: ArmAr.exe V5.06 update 3 (build 300)
Hex Converter:   FromElf.exe V5.06 update 3 (build 300)
CPU DLL:         SARMCM3.DLL V5.21a
Dialog DLL:      DCM.DLL V1.13.8.0
Target DLL:      STLink\ST-LINKIII-KEIL_SWO.dll V2.0.18.0
Dialog DLL:      TCM.DLL V1.14.14.0
 
<h2>Project:</h2>
C:\Users\lenovo\Desktop\嵌入式系统\综合设计实验\Remote_Control_Air_Conditioner\MDK-ARM\RCAC.uvprojx
Project File Date:  05/30/2025

<h2>Output:</h2>
*** Using Compiler 'V5.06 update 3 (build 300)', folder: 'D:\MKD5.21\ARM\ARMCC\Bin'
Rebuild target 'RCAC'
assembling startup_stm32f407xx.s...
compiling usart.c...
compiling stm32f4xx_it.c...
compiling i2c.c...
compiling stm32f4xx_hal_msp.c...
compiling main.c...
../Inc/LM75A.h(34): warning:  #1295-D: Deprecated declaration getActualTemp - give arg types
  uint8_t getActualTemp();
../Inc/beep.h(6): warning:  #1-D: last line of file ends without a newline
  #endif
../Src/main.c: 2 warnings, 0 errors
compiling zlg7290.c...
..\Src\zlg7290.c(181): warning:  #186-D: pointless comparison of unsigned integer with zero
      if (!(index >= 0 && index <= 7) || !(value >= 0 && value <= 9))
..\Src\zlg7290.c(181): warning:  #186-D: pointless comparison of unsigned integer with zero
      if (!(index >= 0 && index <= 7) || !(value >= 0 && value <= 9))
..\Src\zlg7290.c: 2 warnings, 0 errors
compiling tim.c...
../Src/tim.c(126): warning:  #223-D: function "LM75A_TimerReadTemperature" declared implicitly
        uint8_t resultTemp = LM75A_TimerReadTemperature();
../Src/tim.c: 1 warning, 0 errors
compiling Dc_motor.c...
compiling gpio.c...
compiling LM75A.c...
../Inc/LM75A.h(34): warning:  #1295-D: Deprecated declaration getActualTemp - give arg types
  uint8_t getActualTemp();
..\Src\LM75A.c: 1 warning, 0 errors
compiling beep.c...
..\Src\beep.c(20): warning:  #1-D: last line of file ends without a newline
  }
..\Src\beep.c: 1 warning, 0 errors
compiling stm32f4xx_hal_flash.c...
compiling stm32f4xx_hal_dma.c...
compiling stm32f4xx_hal_i2c_ex.c...
compiling stm32f4xx_hal_flash_ex.c...
compiling stm32f4xx_hal_cortex.c...
compiling stm32f4xx_hal_rcc.c...
compiling stm32f4xx_hal_rcc_ex.c...
compiling stm32f4xx_hal_uart.c...
compiling stm32f4xx_hal_tim_ex.c...
compiling stm32f4xx_hal_dma_ex.c...
compiling stm32f4xx_hal_flash_ramfunc.c...
compiling stm32f4xx_hal_tim.c...
compiling stm32f4xx_hal_pwr_ex.c...
compiling stm32f4xx_hal_i2c.c...
compiling stm32f4xx_hal.c...
compiling stm32f4xx_hal_gpio.c...
compiling system_stm32f4xx.c...
compiling stm32f4xx_hal_pwr.c...
linking...
Program Size: Code=11616 RO-data=452 RW-data=48 ZI-data=1248  
FromELF: creating hex file...
"RCAC\RCAC.axf" - 0 Error(s), 7 Warning(s).

<h2>Software Packages used:</h2>

Package Vendor: ARM
                http://www.keil.com/pack/ARM.CMSIS.4.5.0.pack
                ARM::CMSIS:CORE:4.3.0
                CMSIS (Cortex Microcontroller Software Interface Standard)
   * Component: CORE Version: 4.3.0

<h2>Collection of Component include folders:</h2>
  C:\Users\lenovo\Desktop\嵌入式系统\综合设计实验\Remote_Control_Air_Conditioner\MDK-ARM\RTE
  D:\MKD5.21\ARM\PACK\ARM\CMSIS\4.5.0\CMSIS\Include
  D:\MKD5.21\ARM\PACK\Keil\STM32F4xx_DFP\2.7.0\Drivers\CMSIS\Device\ST\STM32F4xx\Include

<h2>Collection of Component Files used:</h2>

   * Component: ARM::CMSIS:CORE:4.3.0
Build Time Elapsed:  00:00:45
</pre>
</body>
</html>
